Unity Editor version:    2022.3.62f3 (96770f904ca7)
Branch:                  2022.3/respin/2022.3.62f2-4af31df585-v2
Build type:              Release
Batch mode:              YES
System name:             Linux
Distro version:          #14-Ubuntu SMP PREEMPT_DYNAMIC Fri Jan  9 17:01:16 UTC 2026
Kernel version:          6.17.0-14-generic
Architecture:            x86_64
Window Protocol:         Wayland (XWayland)
Available memory:        15224 MB
[Licensing::Module] Trying to connect to existing licensing client channel...
[Licensing::IpcConnector] Successfully connected to: "LicenseClient-umrgrs" at "2026-03-05T00:10:19.287187Z"
[SignatureVerifier] Application signature verification not supported on this platform.
[Licensing::Client] Handshaking with LicensingClient:
  Version:                 1.17.4+4293ba1
  Session Id:              bcb0ac28b6694224babec4d423f19e96
  Correlation Id:          78da18806406313232338b4fd17c28f4
  External correlation Id: 3908350385347500131
  Machine Id:              A/lMcrZDleEYsVX+sC1wq7cOd68=
[Licensing::Module] Successfully connected to LicensingClient on channel: "LicenseClient-umrgrs" (connect: 0.00s, validation: 0.02s, handshake: 0.00s)
[Licensing::IpcConnector] Successfully connected to: "LicenseClient-umrgrs-notifications" at "2026-03-05T00:10:19.307977Z"
[Licensing::Module] Error: Access token is unavailable; failed to update
[Licensing::Client] Error: Code 500 while processing request (status: Unable to update licenses. Errors: No ULF license found.,User token expired: User token expired)
[Licensing::Client] Error: Code 500 while updating license in client (status: Unable to update licenses. Errors: No ULF license found.,User token expired: User token expired)
[Licensing::Client] Successfully resolved entitlement details
[Licensing::Module] Serial number assigned to: "4673048468997-UnityPersXXXX"
Pro License: NO

(Unity:51540): Gtk-CRITICAL **: 18:10:20.536: gtk_window_set_default_icon: assertion 'GDK_IS_PIXBUF (icon)' failed

(Unity:51540): GLib-GObject-CRITICAL **: 18:10:20.536: g_object_unref: assertion 'G_IS_OBJECT (object)' failed
Desktop is 1920 x 1080 @ 60 Hz
Initialize udev device monitor.
[Licensing::Client] Successfully resolved entitlement details

COMMAND LINE ARGUMENTS:
/home/umrgrs/Unity/Hub/Editor/2022.3.62f3/Editor/Unity
-batchmode
-quit
-projectPath
/home/umrgrs/Escritorio/Repos/Personal/School/crispy-guide
-runTests
-testPlatform
editmode
-logFile
test.log
Successfully changed project path to: /home/umrgrs/Escritorio/Repos/Personal/School/crispy-guide
/home/umrgrs/Escritorio/Repos/Personal/School/crispy-guide
It looks like another Unity instance is running with this project open.

Multiple Unity instances cannot open the same project.

Project: /home/umrgrs/Escritorio/Repos/Personal/School/crispy-guide
Fatal Error! It looks like another Unity instance is running with this project open.

Multiple Unity instances cannot open the same project.

Project: /home/umrgrs/Escritorio/Repos/Personal/School/crispy-guide
